  姝ｅ湪纭畾瑕佽繕鍘熺殑椤圭洰鈥?
  鎵€鏈夐」鐩潎鏄渶鏂扮殑锛屾棤娉曡繕鍘熴€?
  GameAdmin.Domain -> F:\C# work\GM Tools & Admin System\GameAdmin.Domain\bin\Debug\net10.0\GameAdmin.Domain.dll
  GameAdmin.Application -> F:\C# work\GM Tools & Admin System\GameAdmin.Application\bin\Debug\net10.0\GameAdmin.Application.dll
  GameAdmin.Infrastructure -> F:\C# work\GM Tools & Admin System\GameAdmin.Infrastructure\bin\Debug\net10.0\GameAdmin.Infrastructure.dll
F:\C# work\GM Tools & Admin System\GameAdmin.Api\Program.cs(13,25): error CS0234: 鍛藉悕绌洪棿鈥淢icrosoft.OpenApi鈥濅腑涓嶅瓨鍦ㄧ被鍨嬫垨鍛藉悕绌洪棿鍚嶁€淢odels鈥?鏄惁缂哄皯绋嬪簭闆嗗紩鐢?) [F:\C# work\GM Tools & Admin System\GameAdmin.Api\GameAdmin.Api.csproj]

鐢熸垚澶辫触銆?

F:\C# work\GM Tools & Admin System\GameAdmin.Api\Program.cs(13,25): error CS0234: 鍛藉悕绌洪棿鈥淢icrosoft.OpenApi鈥濅腑涓嶅瓨鍦ㄧ被鍨嬫垨鍛藉悕绌洪棿鍚嶁€淢odels鈥?鏄惁缂哄皯绋嬪簭闆嗗紩鐢?) [F:\C# work\GM Tools & Admin System\GameAdmin.Api\GameAdmin.Api.csproj]
    0 涓鍛?
    1 涓敊璇?

宸茬敤鏃堕棿 00:00:01.64
