  正在确定要还原的项目…
  所有项目均是最新的，无法还原。
  GameAdmin.Domain -> F:\C# work\GM Tools & Admin System\GameAdmin.Domain\bin\Debug\net10.0\GameAdmin.Domain.dll
  GameAdmin.Application -> F:\C# work\GM Tools & Admin System\GameAdmin.Application\bin\Debug\net10.0\GameAdmin.Application.dll
  GameAdmin.Infrastructure -> F:\C# work\GM Tools & Admin System\GameAdmin.Infrastructure\bin\Debug\net10.0\GameAdmin.Infrastructure.dll
C:\Program Files\dotnet\sdk\10.0.101\Microsoft.Common.CurrentVersion.targets(5080,5): warning MSB3026: 无法将“F:\C# work\GM Tools & Admin System\GameAdmin.Domain\bin\Debug\net10.0\GameAdmin.Domain.dll”复制到“bin\Debug\net10.0\GameAdmin.Domain.dll”。1000 毫秒后将开始第 1 次重试。The process cannot access the file 'F:\C# work\GM Tools & Admin System\GameAdmin.Api\bin\Debug\net10.0\GameAdmin.Domain.dll' because it is being used by another process. 文件被“GameAdmin.Api (2036)”锁定。 [F:\C# work\GM Tools & Admin System\GameAdmin.Api\GameAdmin.Api.csproj]
C:\Program Files\dotnet\sdk\10.0.101\Microsoft.Common.CurrentVersion.targets(5080,5): warning MSB3026: 无法将“F:\C# work\GM Tools & Admin System\GameAdmin.Application\bin\Debug\net10.0\GameAdmin.Application.dll”复制到“bin\Debug\net10.0\GameAdmin.Application.dll”。1000 毫秒后将开始第 1 次重试。The process cannot access the file 'F:\C# work\GM Tools & Admin System\GameAdmin.Api\bin\Debug\net10.0\GameAdmin.Application.dll' because it is being used by another process. 文件被“GameAdmin.Api (2036)”锁定。 [F:\C# work\GM Tools & Admin System\GameAdmin.Api\GameAdmin.Api.csproj]
C:\Program Files\dotnet\sdk\10.0.101\Microsoft.Common.CurrentVersion.targets(5080,5): warning MSB3026: 无法将“F:\C# work\GM Tools & Admin System\GameAdmin.Infrastructure\bin\Debug\net10.0\GameAdmin.Infrastructure.dll”复制到“bin\Debug\net10.0\GameAdmin.Infrastructure.dll”。1000 毫秒后将开始第 1 次重试。The process cannot access the file 'F:\C# work\GM Tools & Admin System\GameAdmin.Api\bin\Debug\net10.0\GameAdmin.Infrastructure.dll' because it is being used by another process. 文件被“GameAdmin.Api (2036)”锁定。 [F:\C# work\GM Tools & Admin System\GameAdmin.Api\GameAdmin.Api.csproj]
C:\Program Files\dotnet\sdk\10.0.101\Microsoft.Common.CurrentVersion.targets(5080,5): warning MSB3026: 无法将“F:\C# work\GM Tools & Admin System\GameAdmin.Domain\bin\Debug\net10.0\GameAdmin.Domain.dll”复制到“bin\Debug\net10.0\GameAdmin.Domain.dll”。1000 毫秒后将开始第 2 次重试。The process cannot access the file 'F:\C# work\GM Tools & Admin System\GameAdmin.Api\bin\Debug\net10.0\GameAdmin.Domain.dll' because it is being used by another process. 文件被“GameAdmin.Api (2036)”锁定。 [F:\C# work\GM Tools & Admin System\GameAdmin.Api\GameAdmin.Api.csproj]
C:\Program Files\dotnet\sdk\10.0.101\Microsoft.Common.CurrentVersion.targets(5080,5): warning MSB3026: 无法将“F:\C# work\GM Tools & Admin System\GameAdmin.Application\bin\Debug\net10.0\GameAdmin.Application.dll”复制到“bin\Debug\net10.0\GameAdmin.Application.dll”。1000 毫秒后将开始第 2 次重试。The process cannot access the file 'F:\C# work\GM Tools & Admin System\GameAdmin.Api\bin\Debug\net10.0\GameAdmin.Application.dll' because it is being used by another process. 文件被“GameAdmin.Api (2036)”锁定。 [F:\C# work\GM Tools & Admin System\GameAdmin.Api\GameAdmin.Api.csproj]
C:\Program Files\dotnet\sdk\10.0.101\Microsoft.Common.CurrentVersion.targets(5080,5): warning MSB3026: 无法将“F:\C# work\GM Tools & Admin System\GameAdmin.Infrastructure\bin\Debug\net10.0\GameAdmin.Infrastructure.dll”复制到“bin\Debug\net10.0\GameAdmin.Infrastructure.dll”。1000 毫秒后将开始第 2 次重试。The process cannot access the file 'F:\C# work\GM Tools & Admin System\GameAdmin.Api\bin\Debug\net10.0\GameAdmin.Infrastructure.dll' because it is being used by another process. 文件被“GameAdmin.Api (2036)”锁定。 [F:\C# work\GM Tools & Admin System\GameAdmin.Api\GameAdmin.Api.csproj]
C:\Program Files\dotnet\sdk\10.0.101\Microsoft.Common.CurrentVersion.targets(5080,5): warning MSB3026: 无法将“F:\C# work\GM Tools & Admin System\GameAdmin.Domain\bin\Debug\net10.0\GameAdmin.Domain.dll”复制到“bin\Debug\net10.0\GameAdmin.Domain.dll”。1000 毫秒后将开始第 3 次重试。The process cannot access the file 'F:\C# work\GM Tools & Admin System\GameAdmin.Api\bin\Debug\net10.0\GameAdmin.Domain.dll' because it is being used by another process. 文件被“GameAdmin.Api (2036)”锁定。 [F:\C# work\GM Tools & Admin System\GameAdmin.Api\GameAdmin.Api.csproj]
C:\Program Files\dotnet\sdk\10.0.101\Microsoft.Common.CurrentVersion.targets(5080,5): warning MSB3026: 无法将“F:\C# work\GM Tools & Admin System\GameAdmin.Application\bin\Debug\net10.0\GameAdmin.Application.dll”复制到“bin\Debug\net10.0\GameAdmin.Application.dll”。1000 毫秒后将开始第 3 次重试。The process cannot access the file 'F:\C# work\GM Tools & Admin System\GameAdmin.Api\bin\Debug\net10.0\GameAdmin.Application.dll' because it is being used by another process. 文件被“GameAdmin.Api (2036)”锁定。 [F:\C# work\GM Tools & Admin System\GameAdmin.Api\GameAdmin.Api.csproj]
C:\Program Files\dotnet\sdk\10.0.101\Microsoft.Common.CurrentVersion.targets(5080,5): warning MSB3026: 无法将“F:\C# work\GM Tools & Admin System\GameAdmin.Infrastructure\bin\Debug\net10.0\GameAdmin.Infrastructure.dll”复制到“bin\Debug\net10.0\GameAdmin.Infrastructure.dll”。1000 毫秒后将开始第 3 次重试。The process cannot access the file 'F:\C# work\GM Tools & Admin System\GameAdmin.Api\bin\Debug\net10.0\GameAdmin.Infrastructure.dll' because it is being used by another process. 文件被“GameAdmin.Api (2036)”锁定。 [F:\C# work\GM Tools & Admin System\GameAdmin.Api\GameAdmin.Api.csproj]
C:\Program Files\dotnet\sdk\10.0.101\Microsoft.Common.CurrentVersion.targets(5080,5): warning MSB3026: 无法将“F:\C# work\GM Tools & Admin System\GameAdmin.Domain\bin\Debug\net10.0\GameAdmin.Domain.dll”复制到“bin\Debug\net10.0\GameAdmin.Domain.dll”。1000 毫秒后将开始第 4 次重试。The process cannot access the file 'F:\C# work\GM Tools & Admin System\GameAdmin.Api\bin\Debug\net10.0\GameAdmin.Domain.dll' because it is being used by another process. 文件被“GameAdmin.Api (2036)”锁定。 [F:\C# work\GM Tools & Admin System\GameAdmin.Api\GameAdmin.Api.csproj]
C:\Program Files\dotnet\sdk\10.0.101\Microsoft.Common.CurrentVersion.targets(5080,5): warning MSB3026: 无法将“F:\C# work\GM Tools & Admin System\GameAdmin.Infrastructure\bin\Debug\net10.0\GameAdmin.Infrastructure.dll”复制到“bin\Debug\net10.0\GameAdmin.Infrastructure.dll”。1000 毫秒后将开始第 4 次重试。The process cannot access the file 'F:\C# work\GM Tools & Admin System\GameAdmin.Api\bin\Debug\net10.0\GameAdmin.Infrastructure.dll' because it is being used by another process. 文件被“GameAdmin.Api (2036)”锁定。 [F:\C# work\GM Tools & Admin System\GameAdmin.Api\GameAdmin.Api.csproj]
C:\Program Files\dotnet\sdk\10.0.101\Microsoft.Common.CurrentVersion.targets(5080,5): warning MSB3026: 无法将“F:\C# work\GM Tools & Admin System\GameAdmin.Application\bin\Debug\net10.0\GameAdmin.Application.dll”复制到“bin\Debug\net10.0\GameAdmin.Application.dll”。1000 毫秒后将开始第 4 次重试。The process cannot access the file 'F:\C# work\GM Tools & Admin System\GameAdmin.Api\bin\Debug\net10.0\GameAdmin.Application.dll' because it is being used by another process. 文件被“GameAdmin.Api (2036)”锁定。 [F:\C# work\GM Tools & Admin System\GameAdmin.Api\GameAdmin.Api.csproj]
C:\Program Files\dotnet\sdk\10.0.101\Microsoft.Common.CurrentVersion.targets(5080,5): warning MSB3026: 无法将“F:\C# work\GM Tools & Admin System\GameAdmin.Domain\bin\Debug\net10.0\GameAdmin.Domain.dll”复制到“bin\Debug\net10.0\GameAdmin.Domain.dll”。1000 毫秒后将开始第 5 次重试。The process cannot access the file 'F:\C# work\GM Tools & Admin System\GameAdmin.Api\bin\Debug\net10.0\GameAdmin.Domain.dll' because it is being used by another process. 文件被“GameAdmin.Api (2036)”锁定。 [F:\C# work\GM Tools & Admin System\GameAdmin.Api\GameAdmin.Api.csproj]
C:\Program Files\dotnet\sdk\10.0.101\Microsoft.Common.CurrentVersion.targets(5080,5): warning MSB3026: 无法将“F:\C# work\GM Tools & Admin System\GameAdmin.Application\bin\Debug\net10.0\GameAdmin.Application.dll”复制到“bin\Debug\net10.0\GameAdmin.Application.dll”。1000 毫秒后将开始第 5 次重试。The process cannot access the file 'F:\C# work\GM Tools & Admin System\GameAdmin.Api\bin\Debug\net10.0\GameAdmin.Application.dll' because it is being used by another process. 文件被“GameAdmin.Api (2036)”锁定。 [F:\C# work\GM Tools & Admin System\GameAdmin.Api\GameAdmin.Api.csproj]
C:\Program Files\dotnet\sdk\10.0.101\Microsoft.Common.CurrentVersion.targets(5080,5): warning MSB3026: 无法将“F:\C# work\GM Tools & Admin System\GameAdmin.Infrastructure\bin\Debug\net10.0\GameAdmin.Infrastructure.dll”复制到“bin\Debug\net10.0\GameAdmin.Infrastructure.dll”。1000 毫秒后将开始第 5 次重试。The process cannot access the file 'F:\C# work\GM Tools & Admin System\GameAdmin.Api\bin\Debug\net10.0\GameAdmin.Infrastructure.dll' because it is being used by another process. 文件被“GameAdmin.Api (2036)”锁定。 [F:\C# work\GM Tools & Admin System\GameAdmin.Api\GameAdmin.Api.csproj]
C:\Program Files\dotnet\sdk\10.0.101\Microsoft.Common.CurrentVersion.targets(5080,5): warning MSB3026: 无法将“F:\C# work\GM Tools & Admin System\GameAdmin.Domain\bin\Debug\net10.0\GameAdmin.Domain.dll”复制到“bin\Debug\net10.0\GameAdmin.Domain.dll”。1000 毫秒后将开始第 6 次重试。The process cannot access the file 'F:\C# work\GM Tools & Admin System\GameAdmin.Api\bin\Debug\net10.0\GameAdmin.Domain.dll' because it is being used by another process. 文件被“GameAdmin.Api (2036)”锁定。 [F:\C# work\GM Tools & Admin System\GameAdmin.Api\GameAdmin.Api.csproj]
C:\Program Files\dotnet\sdk\10.0.101\Microsoft.Common.CurrentVersion.targets(5080,5): warning MSB3026: 无法将“F:\C# work\GM Tools & Admin System\GameAdmin.Application\bin\Debug\net10.0\GameAdmin.Application.dll”复制到“bin\Debug\net10.0\GameAdmin.Application.dll”。1000 毫秒后将开始第 6 次重试。The process cannot access the file 'F:\C# work\GM Tools & Admin System\GameAdmin.Api\bin\Debug\net10.0\GameAdmin.Application.dll' because it is being used by another process. 文件被“GameAdmin.Api (2036)”锁定。 [F:\C# work\GM Tools & Admin System\GameAdmin.Api\GameAdmin.Api.csproj]
C:\Program Files\dotnet\sdk\10.0.101\Microsoft.Common.CurrentVersion.targets(5080,5): warning MSB3026: 无法将“F:\C# work\GM Tools & Admin System\GameAdmin.Infrastructure\bin\Debug\net10.0\GameAdmin.Infrastructure.dll”复制到“bin\Debug\net10.0\GameAdmin.Infrastructure.dll”。1000 毫秒后将开始第 6 次重试。The process cannot access the file 'F:\C# work\GM Tools & Admin System\GameAdmin.Api\bin\Debug\net10.0\GameAdmin.Infrastructure.dll' because it is being used by another process. 文件被“GameAdmin.Api (2036)”锁定。 [F:\C# work\GM Tools & Admin System\GameAdmin.Api\GameAdmin.Api.csproj]
C:\Program Files\dotnet\sdk\10.0.101\Microsoft.Common.CurrentVersion.targets(5080,5): warning MSB3026: 无法将“F:\C# work\GM Tools & Admin System\GameAdmin.Domain\bin\Debug\net10.0\GameAdmin.Domain.dll”复制到“bin\Debug\net10.0\GameAdmin.Domain.dll”。1000 毫秒后将开始第 7 次重试。The process cannot access the file 'F:\C# work\GM Tools & Admin System\GameAdmin.Api\bin\Debug\net10.0\GameAdmin.Domain.dll' because it is being used by another process. 文件被“GameAdmin.Api (2036)”锁定。 [F:\C# work\GM Tools & Admin System\GameAdmin.Api\GameAdmin.Api.csproj]
C:\Program Files\dotnet\sdk\10.0.101\Microsoft.Common.CurrentVersion.targets(5080,5): warning MSB3026: 无法将“F:\C# work\GM Tools & Admin System\GameAdmin.Infrastructure\bin\Debug\net10.0\GameAdmin.Infrastructure.dll”复制到“bin\Debug\net10.0\GameAdmin.Infrastructure.dll”。1000 毫秒后将开始第 7 次重试。The process cannot access the file 'F:\C# work\GM Tools & Admin System\GameAdmin.Api\bin\Debug\net10.0\GameAdmin.Infrastructure.dll' because it is being used by another process. 文件被“GameAdmin.Api (2036)”锁定。 [F:\C# work\GM Tools & Admin System\GameAdmin.Api\GameAdmin.Api.csproj]
C:\Program Files\dotnet\sdk\10.0.101\Microsoft.Common.CurrentVersion.targets(5080,5): warning MSB3026: 无法将“F:\C# work\GM Tools & Admin System\GameAdmin.Application\bin\Debug\net10.0\GameAdmin.Application.dll”复制到“bin\Debug\net10.0\GameAdmin.Application.dll”。1000 毫秒后将开始第 7 次重试。The process cannot access the file 'F:\C# work\GM Tools & Admin System\GameAdmin.Api\bin\Debug\net10.0\GameAdmin.Application.dll' because it is being used by another process. 文件被“GameAdmin.Api (2036)”锁定。 [F:\C# work\GM Tools & Admin System\GameAdmin.Api\GameAdmin.Api.csproj]
C:\Program Files\dotnet\sdk\10.0.101\Microsoft.Common.CurrentVersion.targets(5080,5): warning MSB3026: 无法将“F:\C# work\GM Tools & Admin System\GameAdmin.Domain\bin\Debug\net10.0\GameAdmin.Domain.dll”复制到“bin\Debug\net10.0\GameAdmin.Domain.dll”。1000 毫秒后将开始第 8 次重试。The process cannot access the file 'F:\C# work\GM Tools & Admin System\GameAdmin.Api\bin\Debug\net10.0\GameAdmin.Domain.dll' because it is being used by another process. 文件被“GameAdmin.Api (2036)”锁定。 [F:\C# work\GM Tools & Admin System\GameAdmin.Api\GameAdmin.Api.csproj]
C:\Program Files\dotnet\sdk\10.0.101\Microsoft.Common.CurrentVersion.targets(5080,5): warning MSB3026: 无法将“F:\C# work\GM Tools & Admin System\GameAdmin.Application\bin\Debug\net10.0\GameAdmin.Application.dll”复制到“bin\Debug\net10.0\GameAdmin.Application.dll”。1000 毫秒后将开始第 8 次重试。The process cannot access the file 'F:\C# work\GM Tools & Admin System\GameAdmin.Api\bin\Debug\net10.0\GameAdmin.Application.dll' because it is being used by another process. 文件被“GameAdmin.Api (2036)”锁定。 [F:\C# work\GM Tools & Admin System\GameAdmin.Api\GameAdmin.Api.csproj]
C:\Program Files\dotnet\sdk\10.0.101\Microsoft.Common.CurrentVersion.targets(5080,5): warning MSB3026: 无法将“F:\C# work\GM Tools & Admin System\GameAdmin.Infrastructure\bin\Debug\net10.0\GameAdmin.Infrastructure.dll”复制到“bin\Debug\net10.0\GameAdmin.Infrastructure.dll”。1000 毫秒后将开始第 8 次重试。The process cannot access the file 'F:\C# work\GM Tools & Admin System\GameAdmin.Api\bin\Debug\net10.0\GameAdmin.Infrastructure.dll' because it is being used by another process. 文件被“GameAdmin.Api (2036)”锁定。 [F:\C# work\GM Tools & Admin System\GameAdmin.Api\GameAdmin.Api.csproj]
C:\Program Files\dotnet\sdk\10.0.101\Microsoft.Common.CurrentVersion.targets(5080,5): warning MSB3026: 无法将“F:\C# work\GM Tools & Admin System\GameAdmin.Domain\bin\Debug\net10.0\GameAdmin.Domain.dll”复制到“bin\Debug\net10.0\GameAdmin.Domain.dll”。1000 毫秒后将开始第 9 次重试。The process cannot access the file 'F:\C# work\GM Tools & Admin System\GameAdmin.Api\bin\Debug\net10.0\GameAdmin.Domain.dll' because it is being used by another process. 文件被“GameAdmin.Api (2036)”锁定。 [F:\C# work\GM Tools & Admin System\GameAdmin.Api\GameAdmin.Api.csproj]
C:\Program Files\dotnet\sdk\10.0.101\Microsoft.Common.CurrentVersion.targets(5080,5): warning MSB3026: 无法将“F:\C# work\GM Tools & Admin System\GameAdmin.Infrastructure\bin\Debug\net10.0\GameAdmin.Infrastructure.dll”复制到“bin\Debug\net10.0\GameAdmin.Infrastructure.dll”。1000 毫秒后将开始第 9 次重试。The process cannot access the file 'F:\C# work\GM Tools & Admin System\GameAdmin.Api\bin\Debug\net10.0\GameAdmin.Infrastructure.dll' because it is being used by another process. 文件被“GameAdmin.Api (2036)”锁定。 [F:\C# work\GM Tools & Admin System\GameAdmin.Api\GameAdmin.Api.csproj]
C:\Program Files\dotnet\sdk\10.0.101\Microsoft.Common.CurrentVersion.targets(5080,5): warning MSB3026: 无法将“F:\C# work\GM Tools & Admin System\GameAdmin.Application\bin\Debug\net10.0\GameAdmin.Application.dll”复制到“bin\Debug\net10.0\GameAdmin.Application.dll”。1000 毫秒后将开始第 9 次重试。The process cannot access the file 'F:\C# work\GM Tools & Admin System\GameAdmin.Api\bin\Debug\net10.0\GameAdmin.Application.dll' because it is being used by another process. 文件被“GameAdmin.Api (2036)”锁定。 [F:\C# work\GM Tools & Admin System\GameAdmin.Api\GameAdmin.Api.csproj]
C:\Program Files\dotnet\sdk\10.0.101\Microsoft.Common.CurrentVersion.targets(5080,5): warning MSB3026: 无法将“F:\C# work\GM Tools & Admin System\GameAdmin.Domain\bin\Debug\net10.0\GameAdmin.Domain.dll”复制到“bin\Debug\net10.0\GameAdmin.Domain.dll”。1000 毫秒后将开始第 10 次重试。The process cannot access the file 'F:\C# work\GM Tools & Admin System\GameAdmin.Api\bin\Debug\net10.0\GameAdmin.Domain.dll' because it is being used by another process. 文件被“GameAdmin.Api (2036)”锁定。 [F:\C# work\GM Tools & Admin System\GameAdmin.Api\GameAdmin.Api.csproj]
C:\Program Files\dotnet\sdk\10.0.101\Microsoft.Common.CurrentVersion.targets(5080,5): warning MSB3026: 无法将“F:\C# work\GM Tools & Admin System\GameAdmin.Application\bin\Debug\net10.0\GameAdmin.Application.dll”复制到“bin\Debug\net10.0\GameAdmin.Application.dll”。1000 毫秒后将开始第 10 次重试。The process cannot access the file 'F:\C# work\GM Tools & Admin System\GameAdmin.Api\bin\Debug\net10.0\GameAdmin.Application.dll' because it is being used by another process. 文件被“GameAdmin.Api (2036)”锁定。 [F:\C# work\GM Tools & Admin System\GameAdmin.Api\GameAdmin.Api.csproj]
C:\Program Files\dotnet\sdk\10.0.101\Microsoft.Common.CurrentVersion.targets(5080,5): warning MSB3026: 无法将“F:\C# work\GM Tools & Admin System\GameAdmin.Infrastructure\bin\Debug\net10.0\GameAdmin.Infrastructure.dll”复制到“bin\Debug\net10.0\GameAdmin.Infrastructure.dll”。1000 毫秒后将开始第 10 次重试。The process cannot access the file 'F:\C# work\GM Tools & Admin System\GameAdmin.Api\bin\Debug\net10.0\GameAdmin.Infrastructure.dll' because it is being used by another process. 文件被“GameAdmin.Api (2036)”锁定。 [F:\C# work\GM Tools & Admin System\GameAdmin.Api\GameAdmin.Api.csproj]
C:\Program Files\dotnet\sdk\10.0.101\Microsoft.Common.CurrentVersion.targets(5080,5): error MSB3027: 无法将“F:\C# work\GM Tools & Admin System\GameAdmin.Domain\bin\Debug\net10.0\GameAdmin.Domain.dll”复制到“bin\Debug\net10.0\GameAdmin.Domain.dll”。超出了重试计数 10。失败。文件被“GameAdmin.Api (2036)”锁定。 [F:\C# work\GM Tools & Admin System\GameAdmin.Api\GameAdmin.Api.csproj]
C:\Program Files\dotnet\sdk\10.0.101\Microsoft.Common.CurrentVersion.targets(5080,5): error MSB3021: 无法将文件“F:\C# work\GM Tools & Admin System\GameAdmin.Domain\bin\Debug\net10.0\GameAdmin.Domain.dll”复制到“bin\Debug\net10.0\GameAdmin.Domain.dll”。The process cannot access the file 'F:\C# work\GM Tools & Admin System\GameAdmin.Api\bin\Debug\net10.0\GameAdmin.Domain.dll' because it is being used by another process. [F:\C# work\GM Tools & Admin System\GameAdmin.Api\GameAdmin.Api.csproj]
C:\Program Files\dotnet\sdk\10.0.101\Microsoft.Common.CurrentVersion.targets(5080,5): error MSB3027: 无法将“F:\C# work\GM Tools & Admin System\GameAdmin.Application\bin\Debug\net10.0\GameAdmin.Application.dll”复制到“bin\Debug\net10.0\GameAdmin.Application.dll”。超出了重试计数 10。失败。文件被“GameAdmin.Api (2036)”锁定。 [F:\C# work\GM Tools & Admin System\GameAdmin.Api\GameAdmin.Api.csproj]
C:\Program Files\dotnet\sdk\10.0.101\Microsoft.Common.CurrentVersion.targets(5080,5): error MSB3021: 无法将文件“F:\C# work\GM Tools & Admin System\GameAdmin.Application\bin\Debug\net10.0\GameAdmin.Application.dll”复制到“bin\Debug\net10.0\GameAdmin.Application.dll”。The process cannot access the file 'F:\C# work\GM Tools & Admin System\GameAdmin.Api\bin\Debug\net10.0\GameAdmin.Application.dll' because it is being used by another process. [F:\C# work\GM Tools & Admin System\GameAdmin.Api\GameAdmin.Api.csproj]
C:\Program Files\dotnet\sdk\10.0.101\Microsoft.Common.CurrentVersion.targets(5080,5): error MSB3027: 无法将“F:\C# work\GM Tools & Admin System\GameAdmin.Infrastructure\bin\Debug\net10.0\GameAdmin.Infrastructure.dll”复制到“bin\Debug\net10.0\GameAdmin.Infrastructure.dll”。超出了重试计数 10。失败。文件被“GameAdmin.Api (2036)”锁定。 [F:\C# work\GM Tools & Admin System\GameAdmin.Api\GameAdmin.Api.csproj]
C:\Program Files\dotnet\sdk\10.0.101\Microsoft.Common.CurrentVersion.targets(5080,5): error MSB3021: 无法将文件“F:\C# work\GM Tools & Admin System\GameAdmin.Infrastructure\bin\Debug\net10.0\GameAdmin.Infrastructure.dll”复制到“bin\Debug\net10.0\GameAdmin.Infrastructure.dll”。The process cannot access the file 'F:\C# work\GM Tools & Admin System\GameAdmin.Api\bin\Debug\net10.0\GameAdmin.Infrastructure.dll' because it is being used by another process. [F:\C# work\GM Tools & Admin System\GameAdmin.Api\GameAdmin.Api.csproj]

生成失败。

C:\Program Files\dotnet\sdk\10.0.101\Microsoft.Common.CurrentVersion.targets(5080,5): warning MSB3026: 无法将“F:\C# work\GM Tools & Admin System\GameAdmin.Domain\bin\Debug\net10.0\GameAdmin.Domain.dll”复制到“bin\Debug\net10.0\GameAdmin.Domain.dll”。1000 毫秒后将开始第 1 次重试。The process cannot access the file 'F:\C# work\GM Tools & Admin System\GameAdmin.Api\bin\Debug\net10.0\GameAdmin.Domain.dll' because it is being used by another process. 文件被“GameAdmin.Api (2036)”锁定。 [F:\C# work\GM Tools & Admin System\GameAdmin.Api\GameAdmin.Api.csproj]
C:\Program Files\dotnet\sdk\10.0.101\Microsoft.Common.CurrentVersion.targets(5080,5): warning MSB3026: 无法将“F:\C# work\GM Tools & Admin System\GameAdmin.Application\bin\Debug\net10.0\GameAdmin.Application.dll”复制到“bin\Debug\net10.0\GameAdmin.Application.dll”。1000 毫秒后将开始第 1 次重试。The process cannot access the file 'F:\C# work\GM Tools & Admin System\GameAdmin.Api\bin\Debug\net10.0\GameAdmin.Application.dll' because it is being used by another process. 文件被“GameAdmin.Api (2036)”锁定。 [F:\C# work\GM Tools & Admin System\GameAdmin.Api\GameAdmin.Api.csproj]
C:\Program Files\dotnet\sdk\10.0.101\Microsoft.Common.CurrentVersion.targets(5080,5): warning MSB3026: 无法将“F:\C# work\GM Tools & Admin System\GameAdmin.Infrastructure\bin\Debug\net10.0\GameAdmin.Infrastructure.dll”复制到“bin\Debug\net10.0\GameAdmin.Infrastructure.dll”。1000 毫秒后将开始第 1 次重试。The process cannot access the file 'F:\C# work\GM Tools & Admin System\GameAdmin.Api\bin\Debug\net10.0\GameAdmin.Infrastructure.dll' because it is being used by another process. 文件被“GameAdmin.Api (2036)”锁定。 [F:\C# work\GM Tools & Admin System\GameAdmin.Api\GameAdmin.Api.csproj]
C:\Program Files\dotnet\sdk\10.0.101\Microsoft.Common.CurrentVersion.targets(5080,5): warning MSB3026: 无法将“F:\C# work\GM Tools & Admin System\GameAdmin.Domain\bin\Debug\net10.0\GameAdmin.Domain.dll”复制到“bin\Debug\net10.0\GameAdmin.Domain.dll”。1000 毫秒后将开始第 2 次重试。The process cannot access the file 'F:\C# work\GM Tools & Admin System\GameAdmin.Api\bin\Debug\net10.0\GameAdmin.Domain.dll' because it is being used by another process. 文件被“GameAdmin.Api (2036)”锁定。 [F:\C# work\GM Tools & Admin System\GameAdmin.Api\GameAdmin.Api.csproj]
C:\Program Files\dotnet\sdk\10.0.101\Microsoft.Common.CurrentVersion.targets(5080,5): warning MSB3026: 无法将“F:\C# work\GM Tools & Admin System\GameAdmin.Application\bin\Debug\net10.0\GameAdmin.Application.dll”复制到“bin\Debug\net10.0\GameAdmin.Application.dll”。1000 毫秒后将开始第 2 次重试。The process cannot access the file 'F:\C# work\GM Tools & Admin System\GameAdmin.Api\bin\Debug\net10.0\GameAdmin.Application.dll' because it is being used by another process. 文件被“GameAdmin.Api (2036)”锁定。 [F:\C# work\GM Tools & Admin System\GameAdmin.Api\GameAdmin.Api.csproj]
C:\Program Files\dotnet\sdk\10.0.101\Microsoft.Common.CurrentVersion.targets(5080,5): warning MSB3026: 无法将“F:\C# work\GM Tools & Admin System\GameAdmin.Infrastructure\bin\Debug\net10.0\GameAdmin.Infrastructure.dll”复制到“bin\Debug\net10.0\GameAdmin.Infrastructure.dll”。1000 毫秒后将开始第 2 次重试。The process cannot access the file 'F:\C# work\GM Tools & Admin System\GameAdmin.Api\bin\Debug\net10.0\GameAdmin.Infrastructure.dll' because it is being used by another process. 文件被“GameAdmin.Api (2036)”锁定。 [F:\C# work\GM Tools & Admin System\GameAdmin.Api\GameAdmin.Api.csproj]
C:\Program Files\dotnet\sdk\10.0.101\Microsoft.Common.CurrentVersion.targets(5080,5): warning MSB3026: 无法将“F:\C# work\GM Tools & Admin System\GameAdmin.Domain\bin\Debug\net10.0\GameAdmin.Domain.dll”复制到“bin\Debug\net10.0\GameAdmin.Domain.dll”。1000 毫秒后将开始第 3 次重试。The process cannot access the file 'F:\C# work\GM Tools & Admin System\GameAdmin.Api\bin\Debug\net10.0\GameAdmin.Domain.dll' because it is being used by another process. 文件被“GameAdmin.Api (2036)”锁定。 [F:\C# work\GM Tools & Admin System\GameAdmin.Api\GameAdmin.Api.csproj]
C:\Program Files\dotnet\sdk\10.0.101\Microsoft.Common.CurrentVersion.targets(5080,5): warning MSB3026: 无法将“F:\C# work\GM Tools & Admin System\GameAdmin.Application\bin\Debug\net10.0\GameAdmin.Application.dll”复制到“bin\Debug\net10.0\GameAdmin.Application.dll”。1000 毫秒后将开始第 3 次重试。The process cannot access the file 'F:\C# work\GM Tools & Admin System\GameAdmin.Api\bin\Debug\net10.0\GameAdmin.Application.dll' because it is being used by another process. 文件被“GameAdmin.Api (2036)”锁定。 [F:\C# work\GM Tools & Admin System\GameAdmin.Api\GameAdmin.Api.csproj]
C:\Program Files\dotnet\sdk\10.0.101\Microsoft.Common.CurrentVersion.targets(5080,5): warning MSB3026: 无法将“F:\C# work\GM Tools & Admin System\GameAdmin.Infrastructure\bin\Debug\net10.0\GameAdmin.Infrastructure.dll”复制到“bin\Debug\net10.0\GameAdmin.Infrastructure.dll”。1000 毫秒后将开始第 3 次重试。The process cannot access the file 'F:\C# work\GM Tools & Admin System\GameAdmin.Api\bin\Debug\net10.0\GameAdmin.Infrastructure.dll' because it is being used by another process. 文件被“GameAdmin.Api (2036)”锁定。 [F:\C# work\GM Tools & Admin System\GameAdmin.Api\GameAdmin.Api.csproj]
C:\Program Files\dotnet\sdk\10.0.101\Microsoft.Common.CurrentVersion.targets(5080,5): warning MSB3026: 无法将“F:\C# work\GM Tools & Admin System\GameAdmin.Domain\bin\Debug\net10.0\GameAdmin.Domain.dll”复制到“bin\Debug\net10.0\GameAdmin.Domain.dll”。1000 毫秒后将开始第 4 次重试。The process cannot access the file 'F:\C# work\GM Tools & Admin System\GameAdmin.Api\bin\Debug\net10.0\GameAdmin.Domain.dll' because it is being used by another process. 文件被“GameAdmin.Api (2036)”锁定。 [F:\C# work\GM Tools & Admin System\GameAdmin.Api\GameAdmin.Api.csproj]
C:\Program Files\dotnet\sdk\10.0.101\Microsoft.Common.CurrentVersion.targets(5080,5): warning MSB3026: 无法将“F:\C# work\GM Tools & Admin System\GameAdmin.Infrastructure\bin\Debug\net10.0\GameAdmin.Infrastructure.dll”复制到“bin\Debug\net10.0\GameAdmin.Infrastructure.dll”。1000 毫秒后将开始第 4 次重试。The process cannot access the file 'F:\C# work\GM Tools & Admin System\GameAdmin.Api\bin\Debug\net10.0\GameAdmin.Infrastructure.dll' because it is being used by another process. 文件被“GameAdmin.Api (2036)”锁定。 [F:\C# work\GM Tools & Admin System\GameAdmin.Api\GameAdmin.Api.csproj]
C:\Program Files\dotnet\sdk\10.0.101\Microsoft.Common.CurrentVersion.targets(5080,5): warning MSB3026: 无法将“F:\C# work\GM Tools & Admin System\GameAdmin.Application\bin\Debug\net10.0\GameAdmin.Application.dll”复制到“bin\Debug\net10.0\GameAdmin.Application.dll”。1000 毫秒后将开始第 4 次重试。The process cannot access the file 'F:\C# work\GM Tools & Admin System\GameAdmin.Api\bin\Debug\net10.0\GameAdmin.Application.dll' because it is being used by another process. 文件被“GameAdmin.Api (2036)”锁定。 [F:\C# work\GM Tools & Admin System\GameAdmin.Api\GameAdmin.Api.csproj]
C:\Program Files\dotnet\sdk\10.0.101\Microsoft.Common.CurrentVersion.targets(5080,5): warning MSB3026: 无法将“F:\C# work\GM Tools & Admin System\GameAdmin.Domain\bin\Debug\net10.0\GameAdmin.Domain.dll”复制到“bin\Debug\net10.0\GameAdmin.Domain.dll”。1000 毫秒后将开始第 5 次重试。The process cannot access the file 'F:\C# work\GM Tools & Admin System\GameAdmin.Api\bin\Debug\net10.0\GameAdmin.Domain.dll' because it is being used by another process. 文件被“GameAdmin.Api (2036)”锁定。 [F:\C# work\GM Tools & Admin System\GameAdmin.Api\GameAdmin.Api.csproj]
C:\Program Files\dotnet\sdk\10.0.101\Microsoft.Common.CurrentVersion.targets(5080,5): warning MSB3026: 无法将“F:\C# work\GM Tools & Admin System\GameAdmin.Application\bin\Debug\net10.0\GameAdmin.Application.dll”复制到“bin\Debug\net10.0\GameAdmin.Application.dll”。1000 毫秒后将开始第 5 次重试。The process cannot access the file 'F:\C# work\GM Tools & Admin System\GameAdmin.Api\bin\Debug\net10.0\GameAdmin.Application.dll' because it is being used by another process. 文件被“GameAdmin.Api (2036)”锁定。 [F:\C# work\GM Tools & Admin System\GameAdmin.Api\GameAdmin.Api.csproj]
C:\Program Files\dotnet\sdk\10.0.101\Microsoft.Common.CurrentVersion.targets(5080,5): warning MSB3026: 无法将“F:\C# work\GM Tools & Admin System\GameAdmin.Infrastructure\bin\Debug\net10.0\GameAdmin.Infrastructure.dll”复制到“bin\Debug\net10.0\GameAdmin.Infrastructure.dll”。1000 毫秒后将开始第 5 次重试。The process cannot access the file 'F:\C# work\GM Tools & Admin System\GameAdmin.Api\bin\Debug\net10.0\GameAdmin.Infrastructure.dll' because it is being used by another process. 文件被“GameAdmin.Api (2036)”锁定。 [F:\C# work\GM Tools & Admin System\GameAdmin.Api\GameAdmin.Api.csproj]
C:\Program Files\dotnet\sdk\10.0.101\Microsoft.Common.CurrentVersion.targets(5080,5): warning MSB3026: 无法将“F:\C# work\GM Tools & Admin System\GameAdmin.Domain\bin\Debug\net10.0\GameAdmin.Domain.dll”复制到“bin\Debug\net10.0\GameAdmin.Domain.dll”。1000 毫秒后将开始第 6 次重试。The process cannot access the file 'F:\C# work\GM Tools & Admin System\GameAdmin.Api\bin\Debug\net10.0\GameAdmin.Domain.dll' because it is being used by another process. 文件被“GameAdmin.Api (2036)”锁定。 [F:\C# work\GM Tools & Admin System\GameAdmin.Api\GameAdmin.Api.csproj]
C:\Program Files\dotnet\sdk\10.0.101\Microsoft.Common.CurrentVersion.targets(5080,5): warning MSB3026: 无法将“F:\C# work\GM Tools & Admin System\GameAdmin.Application\bin\Debug\net10.0\GameAdmin.Application.dll”复制到“bin\Debug\net10.0\GameAdmin.Application.dll”。1000 毫秒后将开始第 6 次重试。The process cannot access the file 'F:\C# work\GM Tools & Admin System\GameAdmin.Api\bin\Debug\net10.0\GameAdmin.Application.dll' because it is being used by another process. 文件被“GameAdmin.Api (2036)”锁定。 [F:\C# work\GM Tools & Admin System\GameAdmin.Api\GameAdmin.Api.csproj]
C:\Program Files\dotnet\sdk\10.0.101\Microsoft.Common.CurrentVersion.targets(5080,5): warning MSB3026: 无法将“F:\C# work\GM Tools & Admin System\GameAdmin.Infrastructure\bin\Debug\net10.0\GameAdmin.Infrastructure.dll”复制到“bin\Debug\net10.0\GameAdmin.Infrastructure.dll”。1000 毫秒后将开始第 6 次重试。The process cannot access the file 'F:\C# work\GM Tools & Admin System\GameAdmin.Api\bin\Debug\net10.0\GameAdmin.Infrastructure.dll' because it is being used by another process. 文件被“GameAdmin.Api (2036)”锁定。 [F:\C# work\GM Tools & Admin System\GameAdmin.Api\GameAdmin.Api.csproj]
C:\Program Files\dotnet\sdk\10.0.101\Microsoft.Common.CurrentVersion.targets(5080,5): warning MSB3026: 无法将“F:\C# work\GM Tools & Admin System\GameAdmin.Domain\bin\Debug\net10.0\GameAdmin.Domain.dll”复制到“bin\Debug\net10.0\GameAdmin.Domain.dll”。1000 毫秒后将开始第 7 次重试。The process cannot access the file 'F:\C# work\GM Tools & Admin System\GameAdmin.Api\bin\Debug\net10.0\GameAdmin.Domain.dll' because it is being used by another process. 文件被“GameAdmin.Api (2036)”锁定。 [F:\C# work\GM Tools & Admin System\GameAdmin.Api\GameAdmin.Api.csproj]
C:\Program Files\dotnet\sdk\10.0.101\Microsoft.Common.CurrentVersion.targets(5080,5): warning MSB3026: 无法将“F:\C# work\GM Tools & Admin System\GameAdmin.Infrastructure\bin\Debug\net10.0\GameAdmin.Infrastructure.dll”复制到“bin\Debug\net10.0\GameAdmin.Infrastructure.dll”。1000 毫秒后将开始第 7 次重试。The process cannot access the file 'F:\C# work\GM Tools & Admin System\GameAdmin.Api\bin\Debug\net10.0\GameAdmin.Infrastructure.dll' because it is being used by another process. 文件被“GameAdmin.Api (2036)”锁定。 [F:\C# work\GM Tools & Admin System\GameAdmin.Api\GameAdmin.Api.csproj]
C:\Program Files\dotnet\sdk\10.0.101\Microsoft.Common.CurrentVersion.targets(5080,5): warning MSB3026: 无法将“F:\C# work\GM Tools & Admin System\GameAdmin.Application\bin\Debug\net10.0\GameAdmin.Application.dll”复制到“bin\Debug\net10.0\GameAdmin.Application.dll”。1000 毫秒后将开始第 7 次重试。The process cannot access the file 'F:\C# work\GM Tools & Admin System\GameAdmin.Api\bin\Debug\net10.0\GameAdmin.Application.dll' because it is being used by another process. 文件被“GameAdmin.Api (2036)”锁定。 [F:\C# work\GM Tools & Admin System\GameAdmin.Api\GameAdmin.Api.csproj]
C:\Program Files\dotnet\sdk\10.0.101\Microsoft.Common.CurrentVersion.targets(5080,5): warning MSB3026: 无法将“F:\C# work\GM Tools & Admin System\GameAdmin.Domain\bin\Debug\net10.0\GameAdmin.Domain.dll”复制到“bin\Debug\net10.0\GameAdmin.Domain.dll”。1000 毫秒后将开始第 8 次重试。The process cannot access the file 'F:\C# work\GM Tools & Admin System\GameAdmin.Api\bin\Debug\net10.0\GameAdmin.Domain.dll' because it is being used by another process. 文件被“GameAdmin.Api (2036)”锁定。 [F:\C# work\GM Tools & Admin System\GameAdmin.Api\GameAdmin.Api.csproj]
C:\Program Files\dotnet\sdk\10.0.101\Microsoft.Common.CurrentVersion.targets(5080,5): warning MSB3026: 无法将“F:\C# work\GM Tools & Admin System\GameAdmin.Application\bin\Debug\net10.0\GameAdmin.Application.dll”复制到“bin\Debug\net10.0\GameAdmin.Application.dll”。1000 毫秒后将开始第 8 次重试。The process cannot access the file 'F:\C# work\GM Tools & Admin System\GameAdmin.Api\bin\Debug\net10.0\GameAdmin.Application.dll' because it is being used by another process. 文件被“GameAdmin.Api (2036)”锁定。 [F:\C# work\GM Tools & Admin System\GameAdmin.Api\GameAdmin.Api.csproj]
C:\Program Files\dotnet\sdk\10.0.101\Microsoft.Common.CurrentVersion.targets(5080,5): warning MSB3026: 无法将“F:\C# work\GM Tools & Admin System\GameAdmin.Infrastructure\bin\Debug\net10.0\GameAdmin.Infrastructure.dll”复制到“bin\Debug\net10.0\GameAdmin.Infrastructure.dll”。1000 毫秒后将开始第 8 次重试。The process cannot access the file 'F:\C# work\GM Tools & Admin System\GameAdmin.Api\bin\Debug\net10.0\GameAdmin.Infrastructure.dll' because it is being used by another process. 文件被“GameAdmin.Api (2036)”锁定。 [F:\C# work\GM Tools & Admin System\GameAdmin.Api\GameAdmin.Api.csproj]
C:\Program Files\dotnet\sdk\10.0.101\Microsoft.Common.CurrentVersion.targets(5080,5): warning MSB3026: 无法将“F:\C# work\GM Tools & Admin System\GameAdmin.Domain\bin\Debug\net10.0\GameAdmin.Domain.dll”复制到“bin\Debug\net10.0\GameAdmin.Domain.dll”。1000 毫秒后将开始第 9 次重试。The process cannot access the file 'F:\C# work\GM Tools & Admin System\GameAdmin.Api\bin\Debug\net10.0\GameAdmin.Domain.dll' because it is being used by another process. 文件被“GameAdmin.Api (2036)”锁定。 [F:\C# work\GM Tools & Admin System\GameAdmin.Api\GameAdmin.Api.csproj]
C:\Program Files\dotnet\sdk\10.0.101\Microsoft.Common.CurrentVersion.targets(5080,5): warning MSB3026: 无法将“F:\C# work\GM Tools & Admin System\GameAdmin.Infrastructure\bin\Debug\net10.0\GameAdmin.Infrastructure.dll”复制到“bin\Debug\net10.0\GameAdmin.Infrastructure.dll”。1000 毫秒后将开始第 9 次重试。The process cannot access the file 'F:\C# work\GM Tools & Admin System\GameAdmin.Api\bin\Debug\net10.0\GameAdmin.Infrastructure.dll' because it is being used by another process. 文件被“GameAdmin.Api (2036)”锁定。 [F:\C# work\GM Tools & Admin System\GameAdmin.Api\GameAdmin.Api.csproj]
C:\Program Files\dotnet\sdk\10.0.101\Microsoft.Common.CurrentVersion.targets(5080,5): warning MSB3026: 无法将“F:\C# work\GM Tools & Admin System\GameAdmin.Application\bin\Debug\net10.0\GameAdmin.Application.dll”复制到“bin\Debug\net10.0\GameAdmin.Application.dll”。1000 毫秒后将开始第 9 次重试。The process cannot access the file 'F:\C# work\GM Tools & Admin System\GameAdmin.Api\bin\Debug\net10.0\GameAdmin.Application.dll' because it is being used by another process. 文件被“GameAdmin.Api (2036)”锁定。 [F:\C# work\GM Tools & Admin System\GameAdmin.Api\GameAdmin.Api.csproj]
C:\Program Files\dotnet\sdk\10.0.101\Microsoft.Common.CurrentVersion.targets(5080,5): warning MSB3026: 无法将“F:\C# work\GM Tools & Admin System\GameAdmin.Domain\bin\Debug\net10.0\GameAdmin.Domain.dll”复制到“bin\Debug\net10.0\GameAdmin.Domain.dll”。1000 毫秒后将开始第 10 次重试。The process cannot access the file 'F:\C# work\GM Tools & Admin System\GameAdmin.Api\bin\Debug\net10.0\GameAdmin.Domain.dll' because it is being used by another process. 文件被“GameAdmin.Api (2036)”锁定。 [F:\C# work\GM Tools & Admin System\GameAdmin.Api\GameAdmin.Api.csproj]
C:\Program Files\dotnet\sdk\10.0.101\Microsoft.Common.CurrentVersion.targets(5080,5): warning MSB3026: 无法将“F:\C# work\GM Tools & Admin System\GameAdmin.Application\bin\Debug\net10.0\GameAdmin.Application.dll”复制到“bin\Debug\net10.0\GameAdmin.Application.dll”。1000 毫秒后将开始第 10 次重试。The process cannot access the file 'F:\C# work\GM Tools & Admin System\GameAdmin.Api\bin\Debug\net10.0\GameAdmin.Application.dll' because it is being used by another process. 文件被“GameAdmin.Api (2036)”锁定。 [F:\C# work\GM Tools & Admin System\GameAdmin.Api\GameAdmin.Api.csproj]
C:\Program Files\dotnet\sdk\10.0.101\Microsoft.Common.CurrentVersion.targets(5080,5): warning MSB3026: 无法将“F:\C# work\GM Tools & Admin System\GameAdmin.Infrastructure\bin\Debug\net10.0\GameAdmin.Infrastructure.dll”复制到“bin\Debug\net10.0\GameAdmin.Infrastructure.dll”。1000 毫秒后将开始第 10 次重试。The process cannot access the file 'F:\C# work\GM Tools & Admin System\GameAdmin.Api\bin\Debug\net10.0\GameAdmin.Infrastructure.dll' because it is being used by another process. 文件被“GameAdmin.Api (2036)”锁定。 [F:\C# work\GM Tools & Admin System\GameAdmin.Api\GameAdmin.Api.csproj]
C:\Program Files\dotnet\sdk\10.0.101\Microsoft.Common.CurrentVersion.targets(5080,5): error MSB3027: 无法将“F:\C# work\GM Tools & Admin System\GameAdmin.Domain\bin\Debug\net10.0\GameAdmin.Domain.dll”复制到“bin\Debug\net10.0\GameAdmin.Domain.dll”。超出了重试计数 10。失败。文件被“GameAdmin.Api (2036)”锁定。 [F:\C# work\GM Tools & Admin System\GameAdmin.Api\GameAdmin.Api.csproj]
C:\Program Files\dotnet\sdk\10.0.101\Microsoft.Common.CurrentVersion.targets(5080,5): error MSB3021: 无法将文件“F:\C# work\GM Tools & Admin System\GameAdmin.Domain\bin\Debug\net10.0\GameAdmin.Domain.dll”复制到“bin\Debug\net10.0\GameAdmin.Domain.dll”。The process cannot access the file 'F:\C# work\GM Tools & Admin System\GameAdmin.Api\bin\Debug\net10.0\GameAdmin.Domain.dll' because it is being used by another process. [F:\C# work\GM Tools & Admin System\GameAdmin.Api\GameAdmin.Api.csproj]
C:\Program Files\dotnet\sdk\10.0.101\Microsoft.Common.CurrentVersion.targets(5080,5): error MSB3027: 无法将“F:\C# work\GM Tools & Admin System\GameAdmin.Application\bin\Debug\net10.0\GameAdmin.Application.dll”复制到“bin\Debug\net10.0\GameAdmin.Application.dll”。超出了重试计数 10。失败。文件被“GameAdmin.Api (2036)”锁定。 [F:\C# work\GM Tools & Admin System\GameAdmin.Api\GameAdmin.Api.csproj]
C:\Program Files\dotnet\sdk\10.0.101\Microsoft.Common.CurrentVersion.targets(5080,5): error MSB3021: 无法将文件“F:\C# work\GM Tools & Admin System\GameAdmin.Application\bin\Debug\net10.0\GameAdmin.Application.dll”复制到“bin\Debug\net10.0\GameAdmin.Application.dll”。The process cannot access the file 'F:\C# work\GM Tools & Admin System\GameAdmin.Api\bin\Debug\net10.0\GameAdmin.Application.dll' because it is being used by another process. [F:\C# work\GM Tools & Admin System\GameAdmin.Api\GameAdmin.Api.csproj]
C:\Program Files\dotnet\sdk\10.0.101\Microsoft.Common.CurrentVersion.targets(5080,5): error MSB3027: 无法将“F:\C# work\GM Tools & Admin System\GameAdmin.Infrastructure\bin\Debug\net10.0\GameAdmin.Infrastructure.dll”复制到“bin\Debug\net10.0\GameAdmin.Infrastructure.dll”。超出了重试计数 10。失败。文件被“GameAdmin.Api (2036)”锁定。 [F:\C# work\GM Tools & Admin System\GameAdmin.Api\GameAdmin.Api.csproj]
C:\Program Files\dotnet\sdk\10.0.101\Microsoft.Common.CurrentVersion.targets(5080,5): error MSB3021: 无法将文件“F:\C# work\GM Tools & Admin System\GameAdmin.Infrastructure\bin\Debug\net10.0\GameAdmin.Infrastructure.dll”复制到“bin\Debug\net10.0\GameAdmin.Infrastructure.dll”。The process cannot access the file 'F:\C# work\GM Tools & Admin System\GameAdmin.Api\bin\Debug\net10.0\GameAdmin.Infrastructure.dll' because it is being used by another process. [F:\C# work\GM Tools & Admin System\GameAdmin.Api\GameAdmin.Api.csproj]
    30 个警告
    6 个错误

已用时间 00:00:13.85
